Analysis & Synthesis report for DE2_70_VGA
Sat Jun 22 00:10:12 2024
Quartus II 64-Bit Version 13.0.1 Build 232 06/12/2013 Service Pack 1 SJ Full Version


---------------------
; Table of Contents ;
---------------------
  1. Legal Notice
  2. Analysis & Synthesis Summary
  3. Analysis & Synthesis Settings
  4. Parallel Compilation
  5. Analysis & Synthesis Source Files Read
  6. Analysis & Synthesis Resource Usage Summary
  7. Analysis & Synthesis Resource Utilization by Entity
  8. Registers Removed During Synthesis
  9. Removed Registers Triggering Further Register Optimizations
 10. General Register Statistics
 11. Inverted Register Statistics
 12. Parameter Settings for User Entity Instance: VGA_Controller:u1
 13. Port Connectivity Checks: "VGA_Controller:u1"
 14. Elapsed Time Per Partition
 15. Analysis & Synthesis Messages



----------------
; Legal Notice ;
----------------
Copyright (C) 1991-2013 Altera Corporation
Your use of Altera Corporation's design tools, logic functions 
and other software and tools, and its AMPP partner logic 
functions, and any output files from any of the foregoing 
(including device programming or simulation files), and any 
associated documentation or information are expressly subject 
to the terms and conditions of the Altera Program License 
Subscription Agreement, Altera MegaCore Function License 
Agreement, or other applicable license agreement, including, 
without limitation, that your use is for the sole purpose of 
programming logic devices manufactured by Altera and sold by 
Altera or its authorized distributors.  Please refer to the 
applicable agreement for further details.



+---------------------------------------------------------------------------------------+
; Analysis & Synthesis Summary                                                          ;
+------------------------------------+--------------------------------------------------+
; Analysis & Synthesis Status        ; Successful - Sat Jun 22 00:10:12 2024            ;
; Quartus II 64-Bit Version          ; 13.0.1 Build 232 06/12/2013 SP 1 SJ Full Version ;
; Revision Name                      ; DE2_70_VGA                                       ;
; Top-level Entity Name              ; VGA_Draw                                         ;
; Family                             ; Cyclone II                                       ;
; Total logic elements               ; 71                                               ;
;     Total combinational functions  ; 70                                               ;
;     Dedicated logic registers      ; 46                                               ;
; Total registers                    ; 46                                               ;
; Total pins                         ; 36                                               ;
; Total virtual pins                 ; 0                                                ;
; Total memory bits                  ; 0                                                ;
; Embedded Multiplier 9-bit elements ; 0                                                ;
; Total PLLs                         ; 0                                                ;
+------------------------------------+--------------------------------------------------+


+----------------------------------------------------------------------------------------------------------------------+
; Analysis & Synthesis Settings                                                                                        ;
+----------------------------------------------------------------------------+--------------------+--------------------+
; Option                                                                     ; Setting            ; Default Value      ;
+----------------------------------------------------------------------------+--------------------+--------------------+
; Device                                                                     ; EP2C70F896C6       ;                    ;
; Top-level entity name                                                      ; VGA_Draw           ; DE2_70_VGA         ;
; Family name                                                                ; Cyclone II         ; Cyclone IV GX      ;
; Use smart compilation                                                      ; Off                ; Off                ;
; Enable parallel Assembler and TimeQuest Timing Analyzer during compilation ; On                 ; On                 ;
; Enable compact report table                                                ; Off                ; Off                ;
; Restructure Multiplexers                                                   ; Auto               ; Auto               ;
; Create Debugging Nodes for IP Cores                                        ; Off                ; Off                ;
; Preserve fewer node names                                                  ; On                 ; On                 ;
; Disable OpenCore Plus hardware evaluation                                  ; Off                ; Off                ;
; Verilog Version                                                            ; Verilog_2001       ; Verilog_2001       ;
; VHDL Version                                                               ; VHDL_1993          ; VHDL_1993          ;
; State Machine Processing                                                   ; Auto               ; Auto               ;
; Safe State Machine                                                         ; Off                ; Off                ;
; Extract Verilog State Machines                                             ; On                 ; On                 ;
; Extract VHDL State Machines                                                ; On                 ; On                 ;
; Ignore Verilog initial constructs                                          ; Off                ; Off                ;
; Iteration limit for constant Verilog loops                                 ; 5000               ; 5000               ;
; Iteration limit for non-constant Verilog loops                             ; 250                ; 250                ;
; Add Pass-Through Logic to Inferred RAMs                                    ; On                 ; On                 ;
; Infer RAMs from Raw Logic                                                  ; On                 ; On                 ;
; Parallel Synthesis                                                         ; On                 ; On                 ;
; DSP Block Balancing                                                        ; Auto               ; Auto               ;
; NOT Gate Push-Back                                                         ; On                 ; On                 ;
; Power-Up Don't Care                                                        ; On                 ; On                 ;
; Remove Redundant Logic Cells                                               ; Off                ; Off                ;
; Remove Duplicate Registers                                                 ; On                 ; On                 ;
; Ignore CARRY Buffers                                                       ; Off                ; Off                ;
; Ignore CASCADE Buffers                                                     ; Off                ; Off                ;
; Ignore GLOBAL Buffers                                                      ; Off                ; Off                ;
; Ignore ROW GLOBAL Buffers                                                  ; Off                ; Off                ;
; Ignore LCELL Buffers                                                       ; Off                ; Off                ;
; Ignore SOFT Buffers                                                        ; On                 ; On                 ;
; Limit AHDL Integers to 32 Bits                                             ; Off                ; Off                ;
; Optimization Technique                                                     ; Balanced           ; Balanced           ;
; Carry Chain Length                                                         ; 70                 ; 70                 ;
; Auto Carry Chains                                                          ; On                 ; On                 ;
; Auto Open-Drain Pins                                                       ; On                 ; On                 ;
; Perform WYSIWYG Primitive Resynthesis                                      ; Off                ; Off                ;
; Auto ROM Replacement                                                       ; On                 ; On                 ;
; Auto RAM Replacement                                                       ; On                 ; On                 ;
; Auto Shift Register Replacement                                            ; Auto               ; Auto               ;
; Allow Shift Register Merging across Hierarchies                            ; Auto               ; Auto               ;
; Auto Clock Enable Replacement                                              ; On                 ; On                 ;
; Strict RAM Replacement                                                     ; Off                ; Off                ;
; Allow Synchronous Control Signals                                          ; On                 ; On                 ;
; Force Use of Synchronous Clear Signals                                     ; Off                ; Off                ;
; Auto RAM to Logic Cell Conversion                                          ; Off                ; Off                ;
; Auto Resource Sharing                                                      ; Off                ; Off                ;
; Allow Any RAM Size For Recognition                                         ; Off                ; Off                ;
; Allow Any ROM Size For Recognition                                         ; Off                ; Off                ;
; Allow Any Shift Register Size For Recognition                              ; Off                ; Off                ;
; Use LogicLock Constraints during Resource Balancing                        ; On                 ; On                 ;
; Ignore translate_off and synthesis_off directives                          ; Off                ; Off                ;
; Timing-Driven Synthesis                                                    ; Off                ; Off                ;
; Report Parameter Settings                                                  ; On                 ; On                 ;
; Report Source Assignments                                                  ; On                 ; On                 ;
; Report Connectivity Checks                                                 ; On                 ; On                 ;
; Ignore Maximum Fan-Out Assignments                                         ; Off                ; Off                ;
; Synchronization Register Chain Length                                      ; 2                  ; 2                  ;
; PowerPlay Power Optimization                                               ; Normal compilation ; Normal compilation ;
; HDL message level                                                          ; Level2             ; Level2             ;
; Suppress Register Optimization Related Messages                            ; Off                ; Off                ;
; Number of Removed Registers Reported in Synthesis Report                   ; 5000               ; 5000               ;
; Number of Swept Nodes Reported in Synthesis Report                         ; 5000               ; 5000               ;
; Number of Inverted Registers Reported in Synthesis Report                  ; 100                ; 100                ;
; Clock MUX Protection                                                       ; On                 ; On                 ;
; Auto Gated Clock Conversion                                                ; Off                ; Off                ;
; Block Design Naming                                                        ; Auto               ; Auto               ;
; SDC constraint protection                                                  ; Off                ; Off                ;
; Synthesis Effort                                                           ; Auto               ; Auto               ;
; Shift Register Replacement - Allow Asynchronous Clear Signal               ; On                 ; On                 ;
; Pre-Mapping Resynthesis Optimization                                       ; Off                ; Off                ;
; Analysis & Synthesis Message Level                                         ; Medium             ; Medium             ;
; Disable Register Merging Across Hierarchies                                ; Auto               ; Auto               ;
; Resource Aware Inference For Block RAM                                     ; On                 ; On                 ;
; Synthesis Seed                                                             ; 1                  ; 1                  ;
+----------------------------------------------------------------------------+--------------------+--------------------+


Parallel compilation was disabled, but you have multiple processors available. Enable parallel compilation to reduce compilation time.
+-------------------------------------+
; Parallel Compilation                ;
+----------------------------+--------+
; Processors                 ; Number ;
+----------------------------+--------+
; Number detected on machine ; 8      ;
; Maximum allowed            ; 1      ;
+----------------------------+--------+


+------------------------------------------------------------------------------------------------------------------------------------------------------+
; Analysis & Synthesis Source Files Read                                                                                                               ;
+----------------------------------+-----------------+------------------------------+--------------------------------------------------------+---------+
; File Name with User-Entered Path ; Used in Netlist ; File Type                    ; File Name with Absolute Path                           ; Library ;
+----------------------------------+-----------------+------------------------------+--------------------------------------------------------+---------+
; VGA_Draw.v                       ; yes             ; User Verilog HDL File        ; D:/Projects/DE2-70-Bringup/DE2_70_VGA/VGA_Draw.v       ;         ;
; VGA_Controller.v                 ; yes             ; User Verilog HDL File        ; D:/Projects/DE2-70-Bringup/DE2_70_VGA/VGA_Controller.v ;         ;
; Reset_Delay.v                    ; yes             ; User Verilog HDL File        ; D:/Projects/DE2-70-Bringup/DE2_70_VGA/Reset_Delay.v    ;         ;
; clock_25.v                       ; yes             ; Auto-Found Verilog HDL File  ; D:/Projects/DE2-70-Bringup/DE2_70_VGA/clock_25.v       ;         ;
+----------------------------------+-----------------+------------------------------+--------------------------------------------------------+---------+


+----------------------------------------------------------------------------+
; Analysis & Synthesis Resource Usage Summary                                ;
+---------------------------------------------+------------------------------+
; Resource                                    ; Usage                        ;
+---------------------------------------------+------------------------------+
; Estimated Total logic elements              ; 71                           ;
;                                             ;                              ;
; Total combinational functions               ; 70                           ;
; Logic element usage by number of LUT inputs ;                              ;
;     -- 4 input functions                    ; 21                           ;
;     -- 3 input functions                    ; 6                            ;
;     -- <=2 input functions                  ; 43                           ;
;                                             ;                              ;
; Logic elements by mode                      ;                              ;
;     -- normal mode                          ; 34                           ;
;     -- arithmetic mode                      ; 36                           ;
;                                             ;                              ;
; Total registers                             ; 46                           ;
;     -- Dedicated logic registers            ; 46                           ;
;     -- I/O registers                        ; 0                            ;
;                                             ;                              ;
; I/O pins                                    ; 36                           ;
; Embedded Multiplier 9-bit elements          ; 0                            ;
; Maximum fan-out node                        ; clock_25:vga_clock|pixel_reg ;
; Maximum fan-out                             ; 26                           ;
; Total fan-out                               ; 352                          ;
; Average fan-out                             ; 2.32                         ;
+---------------------------------------------+------------------------------+


+--------------------------------------------------------------------------------------------------------------------------------------------------------------------------------------+
; Analysis & Synthesis Resource Utilization by Entity                                                                                                                                  ;
+----------------------------+-------------------+--------------+-------------+--------------+---------+-----------+------+--------------+------------------------------+--------------+
; Compilation Hierarchy Node ; LC Combinationals ; LC Registers ; Memory Bits ; DSP Elements ; DSP 9x9 ; DSP 18x18 ; Pins ; Virtual Pins ; Full Hierarchy Name          ; Library Name ;
+----------------------------+-------------------+--------------+-------------+--------------+---------+-----------+------+--------------+------------------------------+--------------+
; |VGA_Draw                  ; 70 (0)            ; 46 (0)       ; 0           ; 0            ; 0       ; 0         ; 36   ; 0            ; |VGA_Draw                    ; work         ;
;    |Reset_Delay:r0|        ; 28 (28)           ; 21 (21)      ; 0           ; 0            ; 0       ; 0         ; 0    ; 0            ; |VGA_Draw|Reset_Delay:r0     ; work         ;
;    |VGA_Controller:u1|     ; 41 (41)           ; 24 (24)      ; 0           ; 0            ; 0       ; 0         ; 0    ; 0            ; |VGA_Draw|VGA_Controller:u1  ; work         ;
;    |clock_25:vga_clock|    ; 1 (1)             ; 1 (1)        ; 0           ; 0            ; 0       ; 0         ; 0    ; 0            ; |VGA_Draw|clock_25:vga_clock ; work         ;
+----------------------------+-------------------+--------------+-------------+--------------+---------+-----------+------+--------------+------------------------------+--------------+
Note: For table entries with two numbers listed, the numbers in parentheses indicate the number of resources of the given type used by the specific entity alone. The numbers listed outside of parentheses indicate the total resources of the given type used by the specific entity and all of its sub-entities in the hierarchy.


+----------------------------------------------------------------------------------+
; Registers Removed During Synthesis                                               ;
+-----------------------------------------+----------------------------------------+
; Register name                           ; Reason for Removal                     ;
+-----------------------------------------+----------------------------------------+
; VGA_Controller:u1|Cur_Color_R[0..9]     ; Stuck at GND due to stuck port data_in ;
; VGA_Controller:u1|Cur_Color_G[0..6,8,9] ; Stuck at GND due to stuck port data_in ;
; VGA_Controller:u1|Cur_Color_B[0..9]     ; Stuck at GND due to stuck port data_in ;
; VGA_Controller:u1|R_R[0..9]             ; Stuck at GND due to stuck port data_in ;
; VGA_Controller:u1|G_G[0..6,8,9]         ; Stuck at GND due to stuck port data_in ;
; VGA_Controller:u1|B_B[0..9]             ; Stuck at GND due to stuck port data_in ;
; Total Number of Removed Registers = 58  ;                                        ;
+-----------------------------------------+----------------------------------------+


+-------------------------------------------------------------------------------------------------------+
; Removed Registers Triggering Further Register Optimizations                                           ;
+----------------------------------+---------------------------+----------------------------------------+
; Register name                    ; Reason for Removal        ; Registers Removed due to This Register ;
+----------------------------------+---------------------------+----------------------------------------+
; VGA_Controller:u1|Cur_Color_R[9] ; Stuck at GND              ; VGA_Controller:u1|R_R[9]               ;
;                                  ; due to stuck port data_in ;                                        ;
; VGA_Controller:u1|Cur_Color_R[8] ; Stuck at GND              ; VGA_Controller:u1|R_R[8]               ;
;                                  ; due to stuck port data_in ;                                        ;
; VGA_Controller:u1|Cur_Color_R[7] ; Stuck at GND              ; VGA_Controller:u1|R_R[7]               ;
;                                  ; due to stuck port data_in ;                                        ;
; VGA_Controller:u1|Cur_Color_R[6] ; Stuck at GND              ; VGA_Controller:u1|R_R[6]               ;
;                                  ; due to stuck port data_in ;                                        ;
; VGA_Controller:u1|Cur_Color_R[5] ; Stuck at GND              ; VGA_Controller:u1|R_R[5]               ;
;                                  ; due to stuck port data_in ;                                        ;
; VGA_Controller:u1|Cur_Color_R[4] ; Stuck at GND              ; VGA_Controller:u1|R_R[4]               ;
;                                  ; due to stuck port data_in ;                                        ;
; VGA_Controller:u1|Cur_Color_R[3] ; Stuck at GND              ; VGA_Controller:u1|R_R[3]               ;
;                                  ; due to stuck port data_in ;                                        ;
; VGA_Controller:u1|Cur_Color_R[2] ; Stuck at GND              ; VGA_Controller:u1|R_R[2]               ;
;                                  ; due to stuck port data_in ;                                        ;
; VGA_Controller:u1|Cur_Color_R[1] ; Stuck at GND              ; VGA_Controller:u1|R_R[1]               ;
;                                  ; due to stuck port data_in ;                                        ;
; VGA_Controller:u1|Cur_Color_R[0] ; Stuck at GND              ; VGA_Controller:u1|R_R[0]               ;
;                                  ; due to stuck port data_in ;                                        ;
; VGA_Controller:u1|Cur_Color_G[9] ; Stuck at GND              ; VGA_Controller:u1|G_G[9]               ;
;                                  ; due to stuck port data_in ;                                        ;
; VGA_Controller:u1|Cur_Color_G[8] ; Stuck at GND              ; VGA_Controller:u1|G_G[8]               ;
;                                  ; due to stuck port data_in ;                                        ;
; VGA_Controller:u1|Cur_Color_G[6] ; Stuck at GND              ; VGA_Controller:u1|G_G[6]               ;
;                                  ; due to stuck port data_in ;                                        ;
; VGA_Controller:u1|Cur_Color_G[5] ; Stuck at GND              ; VGA_Controller:u1|G_G[5]               ;
;                                  ; due to stuck port data_in ;                                        ;
; VGA_Controller:u1|Cur_Color_G[4] ; Stuck at GND              ; VGA_Controller:u1|G_G[4]               ;
;                                  ; due to stuck port data_in ;                                        ;
; VGA_Controller:u1|Cur_Color_G[3] ; Stuck at GND              ; VGA_Controller:u1|G_G[3]               ;
;                                  ; due to stuck port data_in ;                                        ;
; VGA_Controller:u1|Cur_Color_G[2] ; Stuck at GND              ; VGA_Controller:u1|G_G[2]               ;
;                                  ; due to stuck port data_in ;                                        ;
; VGA_Controller:u1|Cur_Color_G[1] ; Stuck at GND              ; VGA_Controller:u1|G_G[1]               ;
;                                  ; due to stuck port data_in ;                                        ;
; VGA_Controller:u1|Cur_Color_G[0] ; Stuck at GND              ; VGA_Controller:u1|G_G[0]               ;
;                                  ; due to stuck port data_in ;                                        ;
; VGA_Controller:u1|Cur_Color_B[9] ; Stuck at GND              ; VGA_Controller:u1|B_B[9]               ;
;                                  ; due to stuck port data_in ;                                        ;
; VGA_Controller:u1|Cur_Color_B[8] ; Stuck at GND              ; VGA_Controller:u1|B_B[8]               ;
;                                  ; due to stuck port data_in ;                                        ;
; VGA_Controller:u1|Cur_Color_B[7] ; Stuck at GND              ; VGA_Controller:u1|B_B[7]               ;
;                                  ; due to stuck port data_in ;                                        ;
; VGA_Controller:u1|Cur_Color_B[6] ; Stuck at GND              ; VGA_Controller:u1|B_B[6]               ;
;                                  ; due to stuck port data_in ;                                        ;
; VGA_Controller:u1|Cur_Color_B[5] ; Stuck at GND              ; VGA_Controller:u1|B_B[5]               ;
;                                  ; due to stuck port data_in ;                                        ;
; VGA_Controller:u1|Cur_Color_B[4] ; Stuck at GND              ; VGA_Controller:u1|B_B[4]               ;
;                                  ; due to stuck port data_in ;                                        ;
; VGA_Controller:u1|Cur_Color_B[3] ; Stuck at GND              ; VGA_Controller:u1|B_B[3]               ;
;                                  ; due to stuck port data_in ;                                        ;
; VGA_Controller:u1|Cur_Color_B[2] ; Stuck at GND              ; VGA_Controller:u1|B_B[2]               ;
;                                  ; due to stuck port data_in ;                                        ;
; VGA_Controller:u1|Cur_Color_B[1] ; Stuck at GND              ; VGA_Controller:u1|B_B[1]               ;
;                                  ; due to stuck port data_in ;                                        ;
; VGA_Controller:u1|Cur_Color_B[0] ; Stuck at GND              ; VGA_Controller:u1|B_B[0]               ;
;                                  ; due to stuck port data_in ;                                        ;
+----------------------------------+---------------------------+----------------------------------------+


+------------------------------------------------------+
; General Register Statistics                          ;
+----------------------------------------------+-------+
; Statistic                                    ; Value ;
+----------------------------------------------+-------+
; Total registers                              ; 46    ;
; Number of registers using Synchronous Clear  ; 20    ;
; Number of registers using Synchronous Load   ; 0     ;
; Number of registers using Asynchronous Clear ; 24    ;
; Number of registers using Asynchronous Load  ; 0     ;
; Number of registers using Clock Enable       ; 29    ;
; Number of registers using Preset             ; 0     ;
+----------------------------------------------+-------+


+--------------------------------------------------+
; Inverted Register Statistics                     ;
+----------------------------------------+---------+
; Inverted Register                      ; Fan out ;
+----------------------------------------+---------+
; clock_25:vga_clock|pixel_reg           ; 26      ;
; Total number of inverted registers = 1 ;         ;
+----------------------------------------+---------+


+----------------------------------------------------------------+
; Parameter Settings for User Entity Instance: VGA_Controller:u1 ;
+----------------+-------+---------------------------------------+
; Parameter Name ; Value ; Type                                  ;
+----------------+-------+---------------------------------------+
; H_SYNC_CYC     ; 96    ; Signed Integer                        ;
; H_SYNC_BACK    ; 48    ; Signed Integer                        ;
; H_SYNC_ACT     ; 640   ; Signed Integer                        ;
; H_SYNC_FRONT   ; 16    ; Signed Integer                        ;
; H_SYNC_TOTAL   ; 800   ; Signed Integer                        ;
; V_SYNC_CYC     ; 2     ; Signed Integer                        ;
; V_SYNC_BACK    ; 32    ; Signed Integer                        ;
; V_SYNC_ACT     ; 480   ; Signed Integer                        ;
; V_SYNC_FRONT   ; 11    ; Signed Integer                        ;
; V_SYNC_TOTAL   ; 525   ; Signed Integer                        ;
; X_START        ; 148   ; Signed Integer                        ;
; Y_START        ; 34    ; Signed Integer                        ;
+----------------+-------+---------------------------------------+
Note: In order to hide this table in the UI and the text report file, please set the "Show Parameter Settings in Synthesis Report" option in "Analysis and Synthesis Settings -> More Settings" to "Off".


+-----------------------------------------------------------------------------------------------------------------------------------------------------------------------------------------+
; Port Connectivity Checks: "VGA_Controller:u1"                                                                                                                                           ;
+----------------------+--------+----------+----------------------------------------------------------------------------------------------------------------------------------------------+
; Port                 ; Type   ; Severity ; Details                                                                                                                                      ;
+----------------------+--------+----------+----------------------------------------------------------------------------------------------------------------------------------------------+
; iCursor_RGB_EN[2..0] ; Input  ; Info     ; Stuck at VCC                                                                                                                                 ;
; iCursor_RGB_EN[3]    ; Input  ; Info     ; Stuck at GND                                                                                                                                 ;
; oAddress             ; Output ; Info     ; Connected to dangling logic. Logic that only feeds a dangling port will be removed.                                                          ;
; iRed                 ; Input  ; Info     ; Stuck at GND                                                                                                                                 ;
; iGreen[9..8]         ; Input  ; Info     ; Stuck at GND                                                                                                                                 ;
; iGreen[6..0]         ; Input  ; Info     ; Stuck at GND                                                                                                                                 ;
; iGreen[7]            ; Input  ; Info     ; Stuck at VCC                                                                                                                                 ;
; iBlue                ; Input  ; Info     ; Stuck at GND                                                                                                                                 ;
; iCursor_X            ; Input  ; Warning  ; Declared by entity but not connected by instance. If a default value exists, it will be used.  Otherwise, the port will be connected to GND. ;
; iCursor_Y            ; Input  ; Warning  ; Declared by entity but not connected by instance. If a default value exists, it will be used.  Otherwise, the port will be connected to GND. ;
; iCursor_R            ; Input  ; Warning  ; Declared by entity but not connected by instance. If a default value exists, it will be used.  Otherwise, the port will be connected to GND. ;
; iCursor_G            ; Input  ; Warning  ; Declared by entity but not connected by instance. If a default value exists, it will be used.  Otherwise, the port will be connected to GND. ;
; iCursor_B            ; Input  ; Warning  ; Declared by entity but not connected by instance. If a default value exists, it will be used.  Otherwise, the port will be connected to GND. ;
; oCoord_X             ; Output ; Warning  ; Declared by entity but not connected by instance. Logic that only feeds a dangling port will be removed.                                     ;
; oCoord_Y             ; Output ; Warning  ; Declared by entity but not connected by instance. Logic that only feeds a dangling port will be removed.                                     ;
+----------------------+--------+----------+----------------------------------------------------------------------------------------------------------------------------------------------+


+-------------------------------+
; Elapsed Time Per Partition    ;
+----------------+--------------+
; Partition Name ; Elapsed Time ;
+----------------+--------------+
; Top            ; 00:00:00     ;
+----------------+--------------+


+-------------------------------+
; Analysis & Synthesis Messages ;
+-------------------------------+
Info: *******************************************************************
Info: Running Quartus II 64-Bit Analysis & Synthesis
    Info: Version 13.0.1 Build 232 06/12/2013 Service Pack 1 SJ Full Version
    Info: Processing started: Sat Jun 22 00:10:11 2024
Info: Command: quartus_map --read_settings_files=on --write_settings_files=off DE2_70_VGA -c DE2_70_VGA
Warning (20028): Parallel compilation is not licensed and has been disabled
Warning (10238): Verilog Module Declaration warning at VGA_Draw.v(61): ignored anonymous port(s) indicated by duplicate or dangling comma(s) in the port list for module "VGA_Draw"
Info (12021): Found 1 design units, including 1 entities, in source file vga_draw.v
    Info (12023): Found entity 1: VGA_Draw
Info (12021): Found 1 design units, including 1 entities, in source file vga_controller.v
    Info (12023): Found entity 1: VGA_Controller
Info (12021): Found 1 design units, including 1 entities, in source file reset_delay.v
    Info (12023): Found entity 1: Reset_Delay
Info (12127): Elaborating entity "VGA_Draw" for the top level hierarchy
Info (12128): Elaborating entity "Reset_Delay" for hierarchy "Reset_Delay:r0"
Warning (10230): Verilog HDL assignment warning at Reset_Delay.v(10): truncated value with size 32 to match size of target (20)
Warning (12125): Using design file clock_25.v, which is not specified as a design file for the current project, but contains definitions for 1 design units and 1 entities in project
    Info (12023): Found entity 1: clock_25
Info (12128): Elaborating entity "clock_25" for hierarchy "clock_25:vga_clock"
Info (12128): Elaborating entity "VGA_Controller" for hierarchy "VGA_Controller:u1"
Warning (10230): Verilog HDL assignment warning at VGA_Controller.v(116): truncated value with size 32 to match size of target (10)
Warning (10230): Verilog HDL assignment warning at VGA_Controller.v(117): truncated value with size 32 to match size of target (10)
Warning (10230): Verilog HDL assignment warning at VGA_Controller.v(118): truncated value with size 32 to match size of target (20)
Warning (10230): Verilog HDL assignment warning at VGA_Controller.v(177): truncated value with size 32 to match size of target (10)
Warning (10230): Verilog HDL assignment warning at VGA_Controller.v(203): truncated value with size 32 to match size of target (10)
Warning (10230): Verilog HDL assignment warning at VGA_Controller.v(219): truncated value with size 32 to match size of target (10)
Warning (10230): Verilog HDL assignment warning at VGA_Controller.v(222): truncated value with size 32 to match size of target (10)
Warning (10230): Verilog HDL assignment warning at VGA_Controller.v(225): truncated value with size 32 to match size of target (10)
Warning (12241): 1 hierarchies have connectivity warnings - see the Connectivity Checks report folder
Info (13000): Registers with preset signals will power-up high
Info (13003): DEV_CLRn pin will set, and not reset, register with preset signal due to NOT Gate Push-Back
Warning (13024): Output pins are stuck at VCC or GND
    Warning (13410): Pin "oVGA_SYNC_N" is stuck at GND
    Warning (13410): Pin "oVGA_R[0]" is stuck at GND
    Warning (13410): Pin "oVGA_R[1]" is stuck at GND
    Warning (13410): Pin "oVGA_R[2]" is stuck at GND
    Warning (13410): Pin "oVGA_R[3]" is stuck at GND
    Warning (13410): Pin "oVGA_R[4]" is stuck at GND
    Warning (13410): Pin "oVGA_R[5]" is stuck at GND
    Warning (13410): Pin "oVGA_R[6]" is stuck at GND
    Warning (13410): Pin "oVGA_R[7]" is stuck at GND
    Warning (13410): Pin "oVGA_R[8]" is stuck at GND
    Warning (13410): Pin "oVGA_R[9]" is stuck at GND
    Warning (13410): Pin "oVGA_G[0]" is stuck at GND
    Warning (13410): Pin "oVGA_G[1]" is stuck at GND
    Warning (13410): Pin "oVGA_G[2]" is stuck at GND
    Warning (13410): Pin "oVGA_G[3]" is stuck at GND
    Warning (13410): Pin "oVGA_G[4]" is stuck at GND
    Warning (13410): Pin "oVGA_G[5]" is stuck at GND
    Warning (13410): Pin "oVGA_G[6]" is stuck at GND
    Warning (13410): Pin "oVGA_G[8]" is stuck at GND
    Warning (13410): Pin "oVGA_G[9]" is stuck at GND
    Warning (13410): Pin "oVGA_B[0]" is stuck at GND
    Warning (13410): Pin "oVGA_B[1]" is stuck at GND
    Warning (13410): Pin "oVGA_B[2]" is stuck at GND
    Warning (13410): Pin "oVGA_B[3]" is stuck at GND
    Warning (13410): Pin "oVGA_B[4]" is stuck at GND
    Warning (13410): Pin "oVGA_B[5]" is stuck at GND
    Warning (13410): Pin "oVGA_B[6]" is stuck at GND
    Warning (13410): Pin "oVGA_B[7]" is stuck at GND
    Warning (13410): Pin "oVGA_B[8]" is stuck at GND
    Warning (13410): Pin "oVGA_B[9]" is stuck at GND
Info (16010): Generating hard_block partition "hard_block:auto_generated_inst"
    Info (16011): Adding 0 node(s), including 0 DDIO, 0 PLL, 0 transceiver and 0 LCELL
Info (21057): Implemented 107 device resources after synthesis - the final resource count might be different
    Info (21058): Implemented 1 input pins
    Info (21059): Implemented 35 output pins
    Info (21061): Implemented 71 logic cells
Info: Quartus II 64-Bit Analysis & Synthesis was successful. 0 errors, 44 warnings
    Info: Peak virtual memory: 4605 megabytes
    Info: Processing ended: Sat Jun 22 00:10:12 2024
    Info: Elapsed time: 00:00:01
    Info: Total CPU time (on all processors): 00:00:01


